

LITORAL GAS S.A.

AVISO DE DEUDA COMUN BAJO FIRMA


Razon Social:   
BARCELO LILIANA IRIS          

N° AVISO:
11533576       

Domic.Contrato:  
FRASCHERI 186 (2740) ARRECIFES

FECHA EMISION:  
22-09-2017

Domic.Suministro: FRASCHERI 186 B PA  (2740) ARRECIFES

CONTRATO:   
811359  


Texto 1 [4 lineas maximo]:
Sr. Cliente: Le comunicamos que a la fecha del presente Aviso, registra deuda vencida con esta
Distribuidora de acuerdo al siguiente detalle, el cual incluye cobranzas en entidades recauda-
doras hasta el XX/XX/XXXX (inclusive). Si Ud. canceló su deuda hasta el día hábil anterior
(inclusive) a la fecha de recepción de este Aviso, le rogamos desestimarlo.


Items [30 lineas maximo]:
COMPROBANTE           FECHA VTO.      SALDO DEUDOR
F     9814736446     05/06/2017           234.20
F     9813290971     07/02/2017           785.96
F     9814036380     10/04/2017           612.78
F     9812595666     15/12/2016          1030.02
F     9811858597     23/11/2016          1043.16
F     9810942415     31/10/2016           677.92
         
         
         
         
         
         
         
         
         
         
         
         
         
         
         
         
         
         
         
         
         
         
         
         



TOTAL A PAGAR HASTA EL XX/XX/XXXX

Saldo:	
4384.04


Codigo de barras Litoral:   
<WnnwNwnnWNnnWWnWnnnWWNwnnWwNnnnNNwwnnWWnnnWWnwNnnWwwNnNwnWnNwnWnNnWnnWnNwWnnwNNwwnnNWnWnnWnNwWnnwNNwwnnNWwnNNw>
81870011533576000012345454220920172209201710

Aviso: 11533576       

Contrato: 811359  

Emisor: 89 - Pergamino                

Fecha: 22-09-2017


TALON DE CONTROL
Codigo de barras correo:   
<nnWWnWnnnWWNwnnWwNnnnNNww>
0011533576

Texto 2 [25 lineas maximo]:

El detalle no incluye deuda por Cargo Decreto PEN 2067/08. Los saldos de comprobantes no
contienen intereses por mora, los cuales se le incluirán en la primera LSP/Factura que se le 
emita luego de efectuado el pago. El cargo por este aviso se le incluirá en su siguiente LSP/
Factura. 
Si canceló la deuda hasta el día hábil anterior (inclusive) a la recepción de este aviso,
ya se le habrá acreditado el pago, por lo que le rogamos desestimarlo.
INTIMAMOS a Ud.a regularizar la deuda detallada dentro de las 72 hs.hábiles de recibido este
aviso, bajo apercibimiento de suspender el suministro en el domicilio. Para solicitar la reaper-
tura deberá abonar la deuda más intereses y cargos autorizados.
Recibimos su consulta por esta notificación en el teléfono 0810-444-5427 (LGAS).


Para abonar la deuda concurra a una entidad recaudadora llevando la(s) LSP/Factura(s)
original(es). Consulte la lista de entidades de cobranza en www.litoral-gas.com.ar.
Si concurre a una sucursal de Litoral Gas podrá abonar exclusivamente con tarjetas de 
crédito/débito o cheques propios, o bien solicitar una Boleta para pago en efectivo
en entidades recaudadoras, que también puede imprimirla  ingresando en 
www.litoral-gas.com.ar Oficina Virtual.
Este aviso no opera como libre deuda.







LowBar:
__

Corchetes:
[  ]

INCIDENCIA
No Recibe
Desconocido
Mudóse
Firma disuelta
Ausente, bajo puerta
Fallecido

FECHA:
HORA:
CAMINANTE:
FIRMA:

TRES CARACTERÍSTICAS DE LA VIVIENDA
1.
2.
3.



LITORAL GAS S.A.

AVISO DE DEUDA COMUN BAJO FIRMA


Razon Social:   
GUAMIS NADAL                  

N° AVISO:
11533576       

Domic.Contrato:  
FRASCHERI 186 (2740) ARRECIFES

FECHA EMISION:  
22-09-2017

Domic.Suministro: FRASCHERI 186 B PA  (2740) ARRECIFES

CONTRATO:   
811359  


Texto 1 [4 lineas maximo]:
Sr. Cliente: Le comunicamos que a la fecha del presente Aviso, registra deuda vencida con esta
Distribuidora de acuerdo al siguiente detalle, el cual incluye cobranzas en entidades recauda-
doras hasta el XX/XX/XXXX (inclusive). Si Ud. canceló su deuda hasta el día hábil anterior
(inclusive) a la fecha de recepción de este Aviso, le rogamos desestimarlo.


Items [30 lineas maximo]:
COMPROBANTE           FECHA VTO.      SALDO DEUDOR
F     9814736465     05/06/2017          2463.44
F     9813290990     07/02/2017           939.16
F     9814036399     10/04/2017          1013.90
F     9812595685     15/12/2016          1130.26
         
         
         
         
         
         
         
         
         
         
         
         
         
         
         
         
         
         
         
         
         
         
         
         
         
         



TOTAL A PAGAR HASTA EL XX/XX/XXXX

Saldo:	
5546.76


Codigo de barras Litoral:   
<WnnwNwnnWNnnWWnWnnnWWNwnnWwNnnnnnWWnnWWnnnWWnwNnnWwwNnNwnWnNwnWnNnWnnWnNwWnnwNNwwnnNWnWnnWnNwWnnwNNwwnnNWwnNNw>
81870011533577000012345454220920172209201710

Aviso: 11533576       

Contrato: 811359  

Emisor: 89 - Pergamino                

Fecha: 22-09-2017


TALON DE CONTROL
Codigo de barras correo:   
<nnWWnWnnnWWNwnnWwNnnnnnWW>
0011533577

Texto 2 [25 lineas maximo]:

El detalle no incluye deuda por Cargo Decreto PEN 2067/08. Los saldos de comprobantes no
contienen intereses por mora, los cuales se le incluirán en la primera LSP/Factura que se le 
emita luego de efectuado el pago. El cargo por este aviso se le incluirá en su siguiente LSP/
Factura. 
Si canceló la deuda hasta el día hábil anterior (inclusive) a la recepción de este aviso,
ya se le habrá acreditado el pago, por lo que le rogamos desestimarlo.
INTIMAMOS a Ud.a regularizar la deuda detallada dentro de las 72 hs.hábiles de recibido este
aviso, bajo apercibimiento de suspender el suministro en el domicilio. Para solicitar la reaper-
tura deberá abonar la deuda más intereses y cargos autorizados.
Recibimos su consulta por esta notificación en el teléfono 0810-444-5427 (LGAS).


Para abonar la deuda concurra a una entidad recaudadora llevando la(s) LSP/Factura(s)
original(es). Consulte la lista de entidades de cobranza en www.litoral-gas.com.ar.
Si concurre a una sucursal de Litoral Gas podrá abonar exclusivamente con tarjetas de 
crédito/débito o cheques propios, o bien solicitar una Boleta para pago en efectivo
en entidades recaudadoras, que también puede imprimirla  ingresando en 
www.litoral-gas.com.ar Oficina Virtual.
Este aviso no opera como libre deuda.







LowBar:
__

Corchetes:
[  ]

INCIDENCIA
No Recibe
Desconocido
Mudóse
Firma disuelta
Ausente, bajo puerta
Fallecido

FECHA:
HORA:
CAMINANTE:
FIRMA:

TRES CARACTERÍSTICAS DE LA VIVIENDA
1.
2.
3.


